
[1mASR benchmark[0m  [2m20 lines, 3 systems[0m

   1/20  speaking…   1/20  naive 0.0%  codemix 0.0%  devanagari 33.3%                    
   2/20  speaking…   2/20  naive 33.3%  codemix 22.2%  devanagari 66.7%                    
   3/20  speaking…   3/20  naive 7.7%  codemix 0.0%  devanagari 30.8%                    
   4/20  speaking…   4/20  naive 10.0%  codemix 5.0%  devanagari 40.0%                    
   5/20  speaking…   5/20  naive 0.0%  codemix 5.6%  devanagari 27.8%                    
   6/20  speaking…   6/20  naive 11.1%  codemix 16.7%  devanagari 33.3%                    
   7/20  speaking…   7/20  naive 0.0%  codemix 0.0%  devanagari 33.3%                    
   8/20  speaking…   8/20  naive 13.6%  codemix 18.2%  devanagari 9.1%                    
   9/20  speaking…   9/20  naive 11.1%  codemix 0.0%  devanagari 44.4%                    
  10/20  speaking…  10/20  naive 23.8%  codemix 23.8%  devanagari 52.4%                    
  11/20  speaking…  11/20  naive 21.4%  codemix 14.3%  devanagari 42.9%                    
  12/20  speaking…  12/20  naive 8.7%  codemix 8.7%  devanagari 21.7%                    
  13/20  speaking…  13/20  naive 18.2%  codemix 18.2%  devanagari 27.3%                    
  14/20  speaking…  14/20  naive 36.4%  codemix 36.4%  devanagari 18.2%                    
  15/20  speaking…  15/20  naive 60.0%  codemix 13.3%  devanagari 60.0%                    
  16/20  speaking…  16/20  naive 14.3%  codemix 7.1%  devanagari 42.9%                    
  17/20  speaking…  17/20  naive 5.6%  codemix 11.1%  devanagari 38.9%                    
  18/20  speaking…  18/20  naive 7.7%  codemix 0.0%  devanagari 46.2%                    
  19/20  speaking…  19/20  naive 7.7%  codemix 0.0%  devanagari 61.5%                    
  20/20  speaking…  20/20  naive 22.2%  codemix 5.6%  devanagari 44.4%                    

[1m  system                            raw    normalised    CER   latency[0m
[2m  ---------------------------------------------------------------------[0m
  Flash-Lite, plain instruction     34.0%        14.3%    5.7%   1967ms
  Flash-Lite, code-mix instruction  22.8%         9.8%    3.3%   2366ms
  Flash-Lite, Devanagari requested  88.4%        37.5%   14.0%   1471ms

  [32m✓[0m Wrote public/data/asr-results.json

