
> tarang-call-intelligence@1.0.0 build
> npm run corpus && next build


> tarang-call-intelligence@1.0.0 corpus
> node scripts/generate-corpus.mjs

corpus: 933 calls across 8 weeks, 17 scenarios
eval slice: 45 calls
intent mix: delivery_delay=190 damaged_or_spoiled=135 order_tracking=102 offer_not_applied=84 refund_status=82 return_pickup=59 wrong_or_missing_item=55 address_change=44 payment_failed=43 cancellation=39 quality_complaint=39 subscription_manage=35 feedback_positive=26
languages: hinglish, hindi, english
containment: wk1=67%  wk8=84%
   ▲ Next.js 15.5.23
   - Environments: .env.local

   Creating an optimized production build ...
 ✓ Compiled successfully in 8.5s
   Linting and checking validity of types ...
   Collecting page data ...
   Generating static pages (0/14) ...
   Generating static pages (3/14) 
   Generating static pages (6/14) 
   Generating static pages (10/14) 
 ✓ Generating static pages (14/14)
   Finalizing page optimization ...
   Collecting build traces ...

Route (app)                                 Size  First Load JS
┌ ○ /                                    7.23 kB         120 kB
├ ○ /_not-found                            996 B         104 kB
├ ƒ /api/ask                               133 B         103 kB
├ ƒ /api/extract                           133 B         103 kB
├ ƒ /api/health                            133 B         103 kB
├ ƒ /api/voice-token                       133 B         103 kB
├ ○ /ask                                 2.29 kB         117 kB
├ ○ /asr                                 3.33 kB         106 kB
├ ○ /calls                                2.6 kB         117 kB
├ ○ /how                                 13.2 kB         119 kB
├ ○ /live                                9.63 kB         122 kB
└ ○ /signals                             2.19 kB         117 kB
+ First Load JS shared by all             103 kB
  ├ chunks/255-87552e6e05b8e3aa.js       46.4 kB
  ├ chunks/4bd1b696-c023c6e3521b1417.js  54.2 kB
  └ other shared chunks (total)           2.1 kB


○  (Static)   prerendered as static content
ƒ  (Dynamic)  server-rendered on demand

